// Vitest Snapshot v1, https://vitest.dev/guide/snapshot.html

exports[`<Header /> > should render correctly 1`] = `
<DocumentFragment>
  <header
    class="flex justify-center pt-6"
  >
    <a
      href="https://tanstack.com/"
      target="_blank"
    >
      <img
        alt="hero"
        src="/src/assets/logo.svg"
        width="50"
      />
    </a>
  </header>
</DocumentFragment>
`;
